<?xml version="1.0" encoding="ISO-8859-1" ?>
<link_info>
   <banner>TI ARM Clang Linker PC v3.2.2.LTS</banner>
   <copyright>Copyright (c) 1996-2018 Texas Instruments Incorporated</copyright>
   <link_time>0x6715deb4</link_time>
   <link_errors>0x0</link_errors>
   <output_file>C:\Users\blake\workspace_v12\gpiointerrupt_CC3220SF_LAUNCHXL_nortos_ticlang\MCU+Image\gpiointerrupt_CC3220SF_LAUNCHXL_nortos_ticlang.out</output_file>
   <entry_point>
      <name>resetISR</name>
      <address>0x1005afd</address>
   </entry_point>
   <input_file_list>
      <input_file id="fl-1">
         <path>C:\Users\blake\workspace_v12\gpiointerrupt_CC3220SF_LAUNCHXL_nortos_ticlang\MCU+Image\.\</path>
         <kind>object</kind>
         <file>gpiointerrupt.o</file>
         <name>gpiointerrupt.o</name>
      </input_file>
      <input_file id="fl-2">
         <path>C:\Users\blake\workspace_v12\gpiointerrupt_CC3220SF_LAUNCHXL_nortos_ticlang\MCU+Image\.\syscfg\</path>
         <kind>object</kind>
         <file>ti_drivers_config.o</file>
         <name>ti_drivers_config.o</name>
      </input_file>
      <input_file id="fl-3">
         <path>C:\Users\blake\workspace_v12\gpiointerrupt_CC3220SF_LAUNCHXL_nortos_ticlang\MCU+Image\.\</path>
         <kind>object</kind>
         <file>main_nortos.o</file>
         <name>main_nortos.o</name>
      </input_file>
      <input_file id="fl-13">
         <path>C:\Users\blake\workspace_v12\gpiointerrupt_CC3220SF_LAUNCHXL_nortos_ticlang\MCU+Image\</path>
         <kind>object</kind>
         <file>&lt;internal&gt;</file>
         <name>&lt;internal&gt;</name>
      </input_file>
      <input_file id="fl-14">
         <path>C:\ti\simplelink_cc32xx_sdk_7_10_00_13\source\ti\drivers\lib\ticlang\m4\</path>
         <kind>archive</kind>
         <file>drivers_cc32xx.a</file>
         <name>GPIO.c.obj</name>
      </input_file>
      <input_file id="fl-15">
         <path>C:\ti\simplelink_cc32xx_sdk_7_10_00_13\source\ti\drivers\lib\ticlang\m4\</path>
         <kind>archive</kind>
         <file>drivers_cc32xx.a</file>
         <name>GPIOCC32XX.c.obj</name>
      </input_file>
      <input_file id="fl-16">
         <path>C:\ti\simplelink_cc32xx_sdk_7_10_00_13\source\ti\drivers\lib\ticlang\m4\</path>
         <kind>archive</kind>
         <file>drivers_cc32xx.a</file>
         <name>I2C.c.obj</name>
      </input_file>
      <input_file id="fl-17">
         <path>C:\ti\simplelink_cc32xx_sdk_7_10_00_13\source\ti\drivers\lib\ticlang\m4\</path>
         <kind>archive</kind>
         <file>drivers_cc32xx.a</file>
         <name>I2CCC32XX.c.obj</name>
      </input_file>
      <input_file id="fl-18">
         <path>C:\ti\simplelink_cc32xx_sdk_7_10_00_13\source\ti\drivers\lib\ticlang\m4\</path>
         <kind>archive</kind>
         <file>drivers_cc32xx.a</file>
         <name>PowerCC32XX.c.obj</name>
      </input_file>
      <input_file id="fl-19">
         <path>C:\ti\simplelink_cc32xx_sdk_7_10_00_13\source\ti\drivers\lib\ticlang\m4\</path>
         <kind>archive</kind>
         <file>drivers_cc32xx.a</file>
         <name>PowerCC32XX_ticlang.asm.obj</name>
      </input_file>
      <input_file id="fl-1a">
         <path>C:\ti\simplelink_cc32xx_sdk_7_10_00_13\source\ti\drivers\lib\ticlang\m4\</path>
         <kind>archive</kind>
         <file>drivers_cc32xx.a</file>
         <name>Timer.c.obj</name>
      </input_file>
      <input_file id="fl-1b">
         <path>C:\ti\simplelink_cc32xx_sdk_7_10_00_13\source\ti\drivers\lib\ticlang\m4\</path>
         <kind>archive</kind>
         <file>drivers_cc32xx.a</file>
         <name>TimerCC32XX.c.obj</name>
      </input_file>
      <input_file id="fl-1c">
         <path>C:\ti\simplelink_cc32xx_sdk_7_10_00_13\source\ti\drivers\lib\ticlang\m4\</path>
         <kind>archive</kind>
         <file>drivers_cc32xx.a</file>
         <name>UART2.c.obj</name>
      </input_file>
      <input_file id="fl-1d">
         <path>C:\ti\simplelink_cc32xx_sdk_7_10_00_13\source\ti\drivers\lib\ticlang\m4\</path>
         <kind>archive</kind>
         <file>drivers_cc32xx.a</file>
         <name>UART2CC32XX.c.obj</name>
      </input_file>
      <input_file id="fl-1e">
         <path>C:\ti\simplelink_cc32xx_sdk_7_10_00_13\source\ti\drivers\lib\ticlang\m4\</path>
         <kind>archive</kind>
         <file>drivers_cc32xx.a</file>
         <name>List.c.obj</name>
      </input_file>
      <input_file id="fl-1f">
         <path>C:\ti\simplelink_cc32xx_sdk_7_10_00_13\source\ti\drivers\lib\ticlang\m4\</path>
         <kind>archive</kind>
         <file>drivers_cc32xx.a</file>
         <name>RingBuf.c.obj</name>
      </input_file>
      <input_file id="fl-20">
         <path>C:\ti\simplelink_cc32xx_sdk_7_10_00_13\source\ti\drivers\lib\ticlang\m4\</path>
         <kind>archive</kind>
         <file>drivers_cc32xx.a</file>
         <name>UDMACC32XX.c.obj</name>
      </input_file>
      <input_file id="fl-21">
         <path>C:\ti\simplelink_cc32xx_sdk_7_10_00_13\kernel\nortos\lib\ticlang\m4\</path>
         <kind>archive</kind>
         <file>nortos_cc32xx.a</file>
         <name>NoRTOS.c.obj</name>
      </input_file>
      <input_file id="fl-22">
         <path>C:\ti\simplelink_cc32xx_sdk_7_10_00_13\kernel\nortos\lib\ticlang\m4\</path>
         <kind>archive</kind>
         <file>nortos_cc32xx.a</file>
         <name>SemaphoreP_nortos.c.obj</name>
      </input_file>
      <input_file id="fl-23">
         <path>C:\ti\simplelink_cc32xx_sdk_7_10_00_13\kernel\nortos\lib\ticlang\m4\</path>
         <kind>archive</kind>
         <file>nortos_cc32xx.a</file>
         <name>ClockPSysTick_nortos.c.obj</name>
      </input_file>
      <input_file id="fl-24">
         <path>C:\ti\simplelink_cc32xx_sdk_7_10_00_13\kernel\nortos\lib\ticlang\m4\</path>
         <kind>archive</kind>
         <file>nortos_cc32xx.a</file>
         <name>HwiPCC32XX_nortos.c.obj</name>
      </input_file>
      <input_file id="fl-25">
         <path>C:\ti\simplelink_cc32xx_sdk_7_10_00_13\kernel\nortos\lib\ticlang\m4\</path>
         <kind>archive</kind>
         <file>nortos_cc32xx.a</file>
         <name>PowerCC32XX_nortos.c.obj</name>
      </input_file>
      <input_file id="fl-26">
         <path>C:\ti\simplelink_cc32xx_sdk_7_10_00_13\kernel\nortos\lib\ticlang\m4\</path>
         <kind>archive</kind>
         <file>nortos_cc32xx.a</file>
         <name>startup_cc32xx_ticlang.c.obj</name>
      </input_file>
      <input_file id="fl-27">
         <path>C:\ti\simplelink_cc32xx_sdk_7_10_00_13\kernel\nortos\lib\ticlang\m4\</path>
         <kind>archive</kind>
         <file>nortos_cc32xx.a</file>
         <name>SwiP_nortos.c.obj</name>
      </input_file>
      <input_file id="fl-28">
         <path>C:\ti\simplelink_cc32xx_sdk_7_10_00_13\source\ti\devices\cc32xx\driverlib\ticlang\Release\</path>
         <kind>archive</kind>
         <file>driverlib.a</file>
         <name>cpu.obj</name>
      </input_file>
      <input_file id="fl-29">
         <path>C:\ti\simplelink_cc32xx_sdk_7_10_00_13\source\ti\devices\cc32xx\driverlib\ticlang\Release\</path>
         <kind>archive</kind>
         <file>driverlib.a</file>
         <name>gpio.obj</name>
      </input_file>
      <input_file id="fl-2a">
         <path>C:\ti\simplelink_cc32xx_sdk_7_10_00_13\source\ti\devices\cc32xx\driverlib\ticlang\Release\</path>
         <kind>archive</kind>
         <file>driverlib.a</file>
         <name>hwspinlock.obj</name>
      </input_file>
      <input_file id="fl-2b">
         <path>C:\ti\simplelink_cc32xx_sdk_7_10_00_13\source\ti\devices\cc32xx\driverlib\ticlang\Release\</path>
         <kind>archive</kind>
         <file>driverlib.a</file>
         <name>i2c.obj</name>
      </input_file>
      <input_file id="fl-2c">
         <path>C:\ti\simplelink_cc32xx_sdk_7_10_00_13\source\ti\devices\cc32xx\driverlib\ticlang\Release\</path>
         <kind>archive</kind>
         <file>driverlib.a</file>
         <name>interrupt.obj</name>
      </input_file>
      <input_file id="fl-2d">
         <path>C:\ti\simplelink_cc32xx_sdk_7_10_00_13\source\ti\devices\cc32xx\driverlib\ticlang\Release\</path>
         <kind>archive</kind>
         <file>driverlib.a</file>
         <name>pin.obj</name>
      </input_file>
      <input_file id="fl-2e">
         <path>C:\ti\simplelink_cc32xx_sdk_7_10_00_13\source\ti\devices\cc32xx\driverlib\ticlang\Release\</path>
         <kind>archive</kind>
         <file>driverlib.a</file>
         <name>prcm.obj</name>
      </input_file>
      <input_file id="fl-2f">
         <path>C:\ti\simplelink_cc32xx_sdk_7_10_00_13\source\ti\devices\cc32xx\driverlib\ticlang\Release\</path>
         <kind>archive</kind>
         <file>driverlib.a</file>
         <name>spi.obj</name>
      </input_file>
      <input_file id="fl-30">
         <path>C:\ti\simplelink_cc32xx_sdk_7_10_00_13\source\ti\devices\cc32xx\driverlib\ticlang\Release\</path>
         <kind>archive</kind>
         <file>driverlib.a</file>
         <name>systick.obj</name>
      </input_file>
      <input_file id="fl-31">
         <path>C:\ti\simplelink_cc32xx_sdk_7_10_00_13\source\ti\devices\cc32xx\driverlib\ticlang\Release\</path>
         <kind>archive</kind>
         <file>driverlib.a</file>
         <name>timer.obj</name>
      </input_file>
      <input_file id="fl-32">
         <path>C:\ti\simplelink_cc32xx_sdk_7_10_00_13\source\ti\devices\cc32xx\driverlib\ticlang\Release\</path>
         <kind>archive</kind>
         <file>driverlib.a</file>
         <name>uart.obj</name>
      </input_file>
      <input_file id="fl-33">
         <path>C:\ti\simplelink_cc32xx_sdk_7_10_00_13\source\ti\devices\cc32xx\driverlib\ticlang\Release\</path>
         <kind>archive</kind>
         <file>driverlib.a</file>
         <name>udma.obj</name>
      </input_file>
      <input_file id="fl-34">
         <path>C:\ti\simplelink_cc32xx_sdk_7_10_00_13\source\ti\devices\cc32xx\driverlib\ticlang\Release\</path>
         <kind>archive</kind>
         <file>driverlib.a</file>
         <name>utils.obj</name>
      </input_file>
      <input_file id="fl-35">
         <path>C:\ti\simplelink_cc32xx_sdk_7_10_00_13\source\ti\devices\cc32xx\driverlib\ticlang\Release\</path>
         <kind>archive</kind>
         <file>driverlib.a</file>
         <name>flash.obj</name>
      </input_file>
      <input_file id="fl-44">
         <path>C:\ti\ccs1280\ccs\tools\compiler\ti-cgt-armllvm_3.2.2.LTS\lib\armv7em-ti-none-eabi\c\</path>
         <kind>archive</kind>
         <file>libc.a</file>
         <name>snprintf.c.obj</name>
      </input_file>
      <input_file id="fl-45">
         <path>C:\ti\ccs1280\ccs\tools\compiler\ti-cgt-armllvm_3.2.2.LTS\lib\armv7em-ti-none-eabi\c\</path>
         <kind>archive</kind>
         <file>libc.a</file>
         <name>memory.c.obj</name>
      </input_file>
      <input_file id="fl-46">
         <path>C:\ti\ccs1280\ccs\tools\compiler\ti-cgt-armllvm_3.2.2.LTS\lib\armv7em-ti-none-eabi\c\</path>
         <kind>archive</kind>
         <file>libc.a</file>
         <name>boot_cortex_m.c.obj</name>
      </input_file>
      <input_file id="fl-47">
         <path>C:\ti\ccs1280\ccs\tools\compiler\ti-cgt-armllvm_3.2.2.LTS\lib\armv7em-ti-none-eabi\c\</path>
         <kind>archive</kind>
         <file>libc.a</file>
         <name>mathacl_init.c.obj</name>
      </input_file>
      <input_file id="fl-48">
         <path>C:\ti\ccs1280\ccs\tools\compiler\ti-cgt-armllvm_3.2.2.LTS\lib\armv7em-ti-none-eabi\c\</path>
         <kind>archive</kind>
         <file>libc.a</file>
         <name>autoinit.c.obj</name>
      </input_file>
      <input_file id="fl-49">
         <path>C:\ti\ccs1280\ccs\tools\compiler\ti-cgt-armllvm_3.2.2.LTS\lib\armv7em-ti-none-eabi\c\</path>
         <kind>archive</kind>
         <file>libc.a</file>
         <name>pre_init.c.obj</name>
      </input_file>
      <input_file id="fl-4a">
         <path>C:\ti\ccs1280\ccs\tools\compiler\ti-cgt-armllvm_3.2.2.LTS\lib\armv7em-ti-none-eabi\c\</path>
         <kind>archive</kind>
         <file>libc.a</file>
         <name>cpy_tbl.c.obj</name>
      </input_file>
      <input_file id="fl-4b">
         <path>C:\ti\ccs1280\ccs\tools\compiler\ti-cgt-armllvm_3.2.2.LTS\lib\armv7em-ti-none-eabi\c\</path>
         <kind>archive</kind>
         <file>libc.a</file>
         <name>copy_zero_init.c.obj</name>
      </input_file>
      <input_file id="fl-4c">
         <path>C:\ti\ccs1280\ccs\tools\compiler\ti-cgt-armllvm_3.2.2.LTS\lib\armv7em-ti-none-eabi\c\</path>
         <kind>archive</kind>
         <file>libc.a</file>
         <name>copy_decompress_none.c.obj</name>
      </input_file>
      <input_file id="fl-4d">
         <path>C:\ti\ccs1280\ccs\tools\compiler\ti-cgt-armllvm_3.2.2.LTS\lib\armv7em-ti-none-eabi\c\</path>
         <kind>archive</kind>
         <file>libc.a</file>
         <name>copy_decompress_lzss.c.obj</name>
      </input_file>
      <input_file id="fl-4e">
         <path>C:\ti\ccs1280\ccs\tools\compiler\ti-cgt-armllvm_3.2.2.LTS\lib\armv7em-ti-none-eabi\c\</path>
         <kind>archive</kind>
         <file>libc.a</file>
         <name>_printfi.c.obj</name>
      </input_file>
      <input_file id="fl-4f">
         <path>C:\ti\ccs1280\ccs\tools\compiler\ti-cgt-armllvm_3.2.2.LTS\lib\armv7em-ti-none-eabi\c\</path>
         <kind>archive</kind>
         <file>libc.a</file>
         <name>s_frexp.c.obj</name>
      </input_file>
      <input_file id="fl-50">
         <path>C:\ti\ccs1280\ccs\tools\compiler\ti-cgt-armllvm_3.2.2.LTS\lib\armv7em-ti-none-eabi\c\</path>
         <kind>archive</kind>
         <file>libc.a</file>
         <name>s_scalbn.c.obj</name>
      </input_file>
      <input_file id="fl-51">
         <path>C:\ti\ccs1280\ccs\tools\compiler\ti-cgt-armllvm_3.2.2.LTS\lib\armv7em-ti-none-eabi\c\</path>
         <kind>archive</kind>
         <file>libc.a</file>
         <name>aeabi_portable.c.obj</name>
      </input_file>
      <input_file id="fl-52">
         <path>C:\ti\ccs1280\ccs\tools\compiler\ti-cgt-armllvm_3.2.2.LTS\lib\armv7em-ti-none-eabi\c\</path>
         <kind>archive</kind>
         <file>libc.a</file>
         <name>exit.c.obj</name>
      </input_file>
      <input_file id="fl-53">
         <path>C:\ti\ccs1280\ccs\tools\compiler\ti-cgt-armllvm_3.2.2.LTS\lib\armv7em-ti-none-eabi\c\</path>
         <kind>archive</kind>
         <file>libc.a</file>
         <name>_lock.c.obj</name>
      </input_file>
      <input_file id="fl-54">
         <path>C:\ti\ccs1280\ccs\tools\compiler\ti-cgt-armllvm_3.2.2.LTS\lib\armv7em-ti-none-eabi\c\</path>
         <kind>archive</kind>
         <file>libc.a</file>
         <name>_ltoa.c.obj</name>
      </input_file>
      <input_file id="fl-55">
         <path>C:\ti\ccs1280\ccs\tools\compiler\ti-cgt-armllvm_3.2.2.LTS\lib\armv7em-ti-none-eabi\c\</path>
         <kind>archive</kind>
         <file>libc.a</file>
         <name>args_main.c.obj</name>
      </input_file>
      <input_file id="fl-56">
         <path>C:\ti\ccs1280\ccs\tools\compiler\ti-cgt-armllvm_3.2.2.LTS\lib\armv7em-ti-none-eabi\c\</path>
         <kind>archive</kind>
         <file>libc.a</file>
         <name>assert.c.obj</name>
      </input_file>
      <input_file id="fl-57">
         <path>C:\ti\ccs1280\ccs\tools\compiler\ti-cgt-armllvm_3.2.2.LTS\lib\armv7em-ti-none-eabi\c\</path>
         <kind>archive</kind>
         <file>libc.a</file>
         <name>atoi.c.obj</name>
      </input_file>
      <input_file id="fl-58">
         <path>C:\ti\ccs1280\ccs\tools\compiler\ti-cgt-armllvm_3.2.2.LTS\lib\armv7em-ti-none-eabi\c\</path>
         <kind>archive</kind>
         <file>libc.a</file>
         <name>defs.c.obj</name>
      </input_file>
      <input_file id="fl-59">
         <path>C:\ti\ccs1280\ccs\tools\compiler\ti-cgt-armllvm_3.2.2.LTS\lib\armv7em-ti-none-eabi\c\</path>
         <kind>archive</kind>
         <file>libc.a</file>
         <name>memccpy.c.obj</name>
      </input_file>
      <input_file id="fl-5a">
         <path>C:\ti\ccs1280\ccs\tools\compiler\ti-cgt-armllvm_3.2.2.LTS\lib\armv7em-ti-none-eabi\c\</path>
         <kind>archive</kind>
         <file>libc.a</file>
         <name>wcslen.c.obj</name>
      </input_file>
      <input_file id="fl-5b">
         <path>C:\ti\ccs1280\ccs\tools\compiler\ti-cgt-armllvm_3.2.2.LTS\lib\armv7em-ti-none-eabi\c\</path>
         <kind>archive</kind>
         <file>libc.a</file>
         <name>sprintf.c.obj</name>
      </input_file>
      <input_file id="fl-5c">
         <path>C:\ti\ccs1280\ccs\tools\compiler\ti-cgt-armllvm_3.2.2.LTS\lib\armv7em-ti-none-eabi\c\</path>
         <kind>archive</kind>
         <file>libc.a</file>
         <name>fflush.c.obj</name>
      </input_file>
      <input_file id="fl-5d">
         <path>C:\ti\ccs1280\ccs\tools\compiler\ti-cgt-armllvm_3.2.2.LTS\lib\armv7em-ti-none-eabi\c\</path>
         <kind>archive</kind>
         <file>libc.a</file>
         <name>fputs.c.obj</name>
      </input_file>
      <input_file id="fl-5e">
         <path>C:\ti\ccs1280\ccs\tools\compiler\ti-cgt-armllvm_3.2.2.LTS\lib\armv7em-ti-none-eabi\c\</path>
         <kind>archive</kind>
         <file>libc.a</file>
         <name>_io_perm.c.obj</name>
      </input_file>
      <input_file id="fl-5f">
         <path>C:\ti\ccs1280\ccs\tools\compiler\ti-cgt-armllvm_3.2.2.LTS\lib\armv7em-ti-none-eabi\c\</path>
         <kind>archive</kind>
         <file>libc.a</file>
         <name>setvbuf.c.obj</name>
      </input_file>
      <input_file id="fl-60">
         <path>C:\ti\ccs1280\ccs\tools\compiler\ti-cgt-armllvm_3.2.2.LTS\lib\armv7em-ti-none-eabi\c\</path>
         <kind>archive</kind>
         <file>libc.a</file>
         <name>aeabi_ctype.S.obj</name>
      </input_file>
      <input_file id="fl-61">
         <path>C:\ti\ccs1280\ccs\tools\compiler\ti-cgt-armllvm_3.2.2.LTS\lib\armv7em-ti-none-eabi\c\</path>
         <kind>archive</kind>
         <file>libc.a</file>
         <name>fopen.c.obj</name>
      </input_file>
      <input_file id="fl-62">
         <path>C:\ti\ccs1280\ccs\tools\compiler\ti-cgt-armllvm_3.2.2.LTS\lib\armv7em-ti-none-eabi\c\</path>
         <kind>archive</kind>
         <file>libc.a</file>
         <name>fseek.c.obj</name>
      </input_file>
      <input_file id="fl-63">
         <path>C:\ti\ccs1280\ccs\tools\compiler\ti-cgt-armllvm_3.2.2.LTS\lib\armv7em-ti-none-eabi\c\</path>
         <kind>archive</kind>
         <file>libc.a</file>
         <name>fclose.c.obj</name>
      </input_file>
      <input_file id="fl-c9">
         <path>C:\ti\ccs1280\ccs\tools\compiler\ti-cgt-armllvm_3.2.2.LTS\lib\armv7em-ti-none-eabi\c\</path>
         <kind>archive</kind>
         <file>libsysbm.a</file>
         <name>write.c.obj</name>
      </input_file>
      <input_file id="fl-ca">
         <path>C:\ti\ccs1280\ccs\tools\compiler\ti-cgt-armllvm_3.2.2.LTS\lib\armv7em-ti-none-eabi\c\</path>
         <kind>archive</kind>
         <file>libsysbm.a</file>
         <name>host_device.c.obj</name>
      </input_file>
      <input_file id="fl-cb">
         <path>C:\ti\ccs1280\ccs\tools\compiler\ti-cgt-armllvm_3.2.2.LTS\lib\armv7em-ti-none-eabi\c\</path>
         <kind>archive</kind>
         <file>libsysbm.a</file>
         <name>remove.c.obj</name>
      </input_file>
      <input_file id="fl-cc">
         <path>C:\ti\ccs1280\ccs\tools\compiler\ti-cgt-armllvm_3.2.2.LTS\lib\armv7em-ti-none-eabi\c\</path>
         <kind>archive</kind>
         <file>libsysbm.a</file>
         <name>open.c.obj</name>
      </input_file>
      <input_file id="fl-cd">
         <path>C:\ti\ccs1280\ccs\tools\compiler\ti-cgt-armllvm_3.2.2.LTS\lib\armv7em-ti-none-eabi\c\</path>
         <kind>archive</kind>
         <file>libsysbm.a</file>
         <name>lseek.c.obj</name>
      </input_file>
      <input_file id="fl-ce">
         <path>C:\ti\ccs1280\ccs\tools\compiler\ti-cgt-armllvm_3.2.2.LTS\lib\armv7em-ti-none-eabi\c\</path>
         <kind>archive</kind>
         <file>libsysbm.a</file>
         <name>close.c.obj</name>
      </input_file>
      <input_file id="fl-cf">
         <path>C:\ti\ccs1280\ccs\tools\compiler\ti-cgt-armllvm_3.2.2.LTS\lib\armv7em-ti-none-eabi\c\</path>
         <kind>archive</kind>
         <file>libsysbm.a</file>
         <name>unlink.c.obj</name>
      </input_file>
      <input_file id="fl-d0">
         <path>C:\ti\ccs1280\ccs\tools\compiler\ti-cgt-armllvm_3.2.2.LTS\lib\armv7em-ti-none-eabi\c\</path>
         <kind>archive</kind>
         <file>libsysbm.a</file>
         <name>hostclose.c.obj</name>
      </input_file>
      <input_file id="fl-d1">
         <path>C:\ti\ccs1280\ccs\tools\compiler\ti-cgt-armllvm_3.2.2.LTS\lib\armv7em-ti-none-eabi\c\</path>
         <kind>archive</kind>
         <file>libsysbm.a</file>
         <name>hostlseek.c.obj</name>
      </input_file>
      <input_file id="fl-d2">
         <path>C:\ti\ccs1280\ccs\tools\compiler\ti-cgt-armllvm_3.2.2.LTS\lib\armv7em-ti-none-eabi\c\</path>
         <kind>archive</kind>
         <file>libsysbm.a</file>
         <name>hostopen.c.obj</name>
      </input_file>
      <input_file id="fl-d3">
         <path>C:\ti\ccs1280\ccs\tools\compiler\ti-cgt-armllvm_3.2.2.LTS\lib\armv7em-ti-none-eabi\c\</path>
         <kind>archive</kind>
         <file>libsysbm.a</file>
         <name>hostread.c.obj</name>
      </input_file>
      <input_file id="fl-d4">
         <path>C:\ti\ccs1280\ccs\tools\compiler\ti-cgt-armllvm_3.2.2.LTS\lib\armv7em-ti-none-eabi\c\</path>
         <kind>archive</kind>
         <file>libsysbm.a</file>
         <name>hostrename.c.obj</name>
      </input_file>
      <input_file id="fl-d5">
         <path>C:\ti\ccs1280\ccs\tools\compiler\ti-cgt-armllvm_3.2.2.LTS\lib\armv7em-ti-none-eabi\c\</path>
         <kind>archive</kind>
         <file>libsysbm.a</file>
         <name>hostunlink.c.obj</name>
      </input_file>
      <input_file id="fl-d6">
         <path>C:\ti\ccs1280\ccs\tools\compiler\ti-cgt-armllvm_3.2.2.LTS\lib\armv7em-ti-none-eabi\c\</path>
         <kind>archive</kind>
         <file>libsysbm.a</file>
         <name>hostwrite.c.obj</name>
      </input_file>
      <input_file id="fl-d7">
         <path>C:\ti\ccs1280\ccs\tools\compiler\ti-cgt-armllvm_3.2.2.LTS\lib\armv7em-ti-none-eabi\c\</path>
         <kind>archive</kind>
         <file>libsysbm.a</file>
         <name>trgmsg.c.obj</name>
      </input_file>
      <input_file id="fl-d8">
         <path>C:\ti\ccs1280\ccs\tools\compiler\ti-cgt-armllvm_3.2.2.LTS\lib\clang\15.0.7\lib\armv7em-ti-none-eabi\</path>
         <kind>archive</kind>
         <file>libclang_rt.builtins.a</file>
         <name>adddf3.S.obj</name>
      </input_file>
      <input_file id="fl-d9">
         <path>C:\ti\ccs1280\ccs\tools\compiler\ti-cgt-armllvm_3.2.2.LTS\lib\clang\15.0.7\lib\armv7em-ti-none-eabi\</path>
         <kind>archive</kind>
         <file>libclang_rt.builtins.a</file>
         <name>muldf3.S.obj</name>
      </input_file>
      <input_file id="fl-da">
         <path>C:\ti\ccs1280\ccs\tools\compiler\ti-cgt-armllvm_3.2.2.LTS\lib\clang\15.0.7\lib\armv7em-ti-none-eabi\</path>
         <kind>archive</kind>
         <file>libclang_rt.builtins.a</file>
         <name>divdf3.S.obj</name>
      </input_file>
      <input_file id="fl-db">
         <path>C:\ti\ccs1280\ccs\tools\compiler\ti-cgt-armllvm_3.2.2.LTS\lib\clang\15.0.7\lib\armv7em-ti-none-eabi\</path>
         <kind>archive</kind>
         <file>libclang_rt.builtins.a</file>
         <name>fixdfsi.S.obj</name>
      </input_file>
      <input_file id="fl-dc">
         <path>C:\ti\ccs1280\ccs\tools\compiler\ti-cgt-armllvm_3.2.2.LTS\lib\clang\15.0.7\lib\armv7em-ti-none-eabi\</path>
         <kind>archive</kind>
         <file>libclang_rt.builtins.a</file>
         <name>floatsidf.S.obj</name>
      </input_file>
      <input_file id="fl-dd">
         <path>C:\ti\ccs1280\ccs\tools\compiler\ti-cgt-armllvm_3.2.2.LTS\lib\clang\15.0.7\lib\armv7em-ti-none-eabi\</path>
         <kind>archive</kind>
         <file>libclang_rt.builtins.a</file>
         <name>aeabi_dcmp.S.obj</name>
      </input_file>
      <input_file id="fl-de">
         <path>C:\ti\ccs1280\ccs\tools\compiler\ti-cgt-armllvm_3.2.2.LTS\lib\clang\15.0.7\lib\armv7em-ti-none-eabi\</path>
         <kind>archive</kind>
         <file>libclang_rt.builtins.a</file>
         <name>aeabi_memcpy.S.obj</name>
      </input_file>
      <input_file id="fl-df">
         <path>C:\ti\ccs1280\ccs\tools\compiler\ti-cgt-armllvm_3.2.2.LTS\lib\clang\15.0.7\lib\armv7em-ti-none-eabi\</path>
         <kind>archive</kind>
         <file>libclang_rt.builtins.a</file>
         <name>aeabi_memset.S.obj</name>
      </input_file>
      <input_file id="fl-e0">
         <path>C:\ti\ccs1280\ccs\tools\compiler\ti-cgt-armllvm_3.2.2.LTS\lib\clang\15.0.7\lib\armv7em-ti-none-eabi\</path>
         <kind>archive</kind>
         <file>libclang_rt.builtins.a</file>
         <name>aeabi_uldivmod.S.obj</name>
      </input_file>
      <input_file id="fl-e1">
         <path>C:\ti\ccs1280\ccs\tools\compiler\ti-cgt-armllvm_3.2.2.LTS\lib\clang\15.0.7\lib\armv7em-ti-none-eabi\</path>
         <kind>archive</kind>
         <file>libclang_rt.builtins.a</file>
         <name>udivmoddi4.S.obj</name>
      </input_file>
      <input_file id="fl-e2">
         <path>C:\ti\ccs1280\ccs\tools\compiler\ti-cgt-armllvm_3.2.2.LTS\lib\clang\15.0.7\lib\armv7em-ti-none-eabi\</path>
         <kind>archive</kind>
         <file>libclang_rt.builtins.a</file>
         <name>comparedf2.c.obj</name>
      </input_file>
      <input_file id="fl-e3">
         <path>C:\ti\ccs1280\ccs\tools\compiler\ti-cgt-armllvm_3.2.2.LTS\lib\clang\15.0.7\lib\armv7em-ti-none-eabi\</path>
         <kind>archive</kind>
         <file>libclang_rt.builtins.a</file>
         <name>aeabi_div0.c.obj</name>
      </input_file>
      <input_file id="fl-e4">
         <path>C:\ti\ccs1280\ccs\tools\compiler\ti-cgt-armllvm_3.2.2.LTS\lib\armv7em-ti-none-eabi\c\</path>
         <kind>archive</kind>
         <file>libc.a</file>
         <name>getdevice.c.obj</name>
      </input_file>
      <input_file id="fl-e5">
         <path>C:\ti\ccs1280\ccs\tools\compiler\ti-cgt-armllvm_3.2.2.LTS\lib\armv7em-ti-none-eabi\c\</path>
         <kind>archive</kind>
         <file>libc.a</file>
         <name>strcmp_t2.S.obj</name>
      </input_file>
      <input_file id="fl-e6">
         <path>C:\ti\ccs1280\ccs\tools\compiler\ti-cgt-armllvm_3.2.2.LTS\lib\armv7em-ti-none-eabi\c\</path>
         <kind>archive</kind>
         <file>libc.a</file>
         <name>memcpy_t2.S.obj</name>
      </input_file>
      <input_file id="fl-e7">
         <path>C:\ti\ccs1280\ccs\tools\compiler\ti-cgt-armllvm_3.2.2.LTS\lib\armv7em-ti-none-eabi\c\</path>
         <kind>archive</kind>
         <file>libc.a</file>
         <name>memset_t2.S.obj</name>
      </input_file>
   </input_file_list>
   <object_component_list>
      <object_component id="oc-223">
         <name>.text:__TI_printfi_nofloat</name>
         <load_address>0x1000840</load_address>
         <readonly>true</readonly>
         <executable>true</executable>
         <run_address>0x1000840</run_address>
         <size>0x86c</size>
         <alignment>0x4</alignment>
         <input_file_ref idref="fl-4e"/>
      </object_component>
      <object_component id="oc-d3">
         <name>.text.PRCMCC3200MCUInit</name>
         <load_address>0x10010ac</load_address>
         <readonly>true</readonly>
         <executable>true</executable>
         <run_address>0x10010ac</run_address>
         <size>0x4b8</size>
         <alignment>0x2</alignment>
         <input_file_ref idref="fl-2e"/>
      </object_component>
      <object_component id="oc-23e">
         <name>.text.Power_sleep</name>
         <load_address>0x1001564</load_address>
         <readonly>true</readonly>
         <executable>true</executable>
         <run_address>0x1001564</run_address>
         <size>0x3e4</size>
         <alignment>0x4</alignment>
         <input_file_ref idref="fl-18"/>
      </object_component>
      <object_component id="oc-1f0">
         <name>.text.UART2CC32XX_hwiIntFxn</name>
         <load_address>0x1001948</load_address>
         <readonly>true</readonly>
         <executable>true</executable>
         <run_address>0x1001948</run_address>
         <size>0x222</size>
         <alignment>0x2</alignment>
         <input_file_ref idref="fl-1d"/>
      </object_component>
      <object_component id="oc-e3">
         <name>.text.Board_initHook</name>
         <load_address>0x1001b6a</load_address>
         <readonly>true</readonly>
         <executable>true</executable>
         <run_address>0x1001b6a</run_address>
         <size>0x2</size>
         <alignment>0x2</alignment>
         <input_file_ref idref="fl-2"/>
      </object_component>
      <object_component id="oc-14a">
         <name>.text.UART2_open</name>
         <load_address>0x1001b6c</load_address>
         <readonly>true</readonly>
         <executable>true</executable>
         <run_address>0x1001b6c</run_address>
         <size>0x1cc</size>
         <alignment>0x4</alignment>
         <input_file_ref idref="fl-1d"/>
      </object_component>
      <object_component id="oc-226">
         <name>.text.UART2_writeTimeoutBlocking</name>
         <load_address>0x1001d38</load_address>
         <readonly>true</readonly>
         <executable>true</executable>
         <run_address>0x1001d38</run_address>
         <size>0x174</size>
         <alignment>0x2</alignment>
         <input_file_ref idref="fl-1c"/>
      </object_component>
      <object_component id="oc-1b0">
         <name>.text.PowerCC32XX_sleepPolicy</name>
         <load_address>0x1001eac</load_address>
         <readonly>true</readonly>
         <executable>true</executable>
         <run_address>0x1001eac</run_address>
         <size>0x150</size>
         <alignment>0x4</alignment>
         <input_file_ref idref="fl-25"/>
      </object_component>
      <object_component id="oc-16e">
         <name>.text.Timer_open</name>
         <load_address>0x1001ffc</load_address>
         <readonly>true</readonly>
         <executable>true</executable>
         <run_address>0x1001ffc</run_address>
         <size>0x148</size>
         <alignment>0x4</alignment>
         <input_file_ref idref="fl-1b"/>
      </object_component>
      <object_component id="oc-13b">
         <name>.text.GPIO_setConfig</name>
         <load_address>0x1002144</load_address>
         <readonly>true</readonly>
         <executable>true</executable>
         <run_address>0x1002144</run_address>
         <size>0x140</size>
         <alignment>0x4</alignment>
         <input_file_ref idref="fl-15"/>
      </object_component>
      <object_component id="oc-200">
         <name>.text.I2CCC32XX_hwiFxn</name>
         <load_address>0x1002284</load_address>
         <readonly>true</readonly>
         <executable>true</executable>
         <run_address>0x1002284</run_address>
         <size>0x138</size>
         <alignment>0x2</alignment>
         <input_file_ref idref="fl-17"/>
      </object_component>
      <object_component id="oc-204">
         <name>.text.I2C_transferTimeout</name>
         <load_address>0x10023bc</load_address>
         <readonly>true</readonly>
         <executable>true</executable>
         <run_address>0x10023bc</run_address>
         <size>0x126</size>
         <alignment>0x2</alignment>
         <input_file_ref idref="fl-16"/>
      </object_component>
      <object_component id="oc-150">
         <name>.text.I2C_init</name>
         <load_address>0x10024e2</load_address>
         <readonly>true</readonly>
         <executable>true</executable>
         <run_address>0x10024e2</run_address>
         <size>0x2</size>
         <alignment>0x2</alignment>
         <input_file_ref idref="fl-16"/>
      </object_component>
      <object_component id="oc-301">
         <name>.text.aligned_alloc</name>
         <load_address>0x10024e4</load_address>
         <readonly>true</readonly>
         <executable>true</executable>
         <run_address>0x10024e4</run_address>
         <size>0x120</size>
         <alignment>0x4</alignment>
         <input_file_ref idref="fl-45"/>
      </object_component>
      <object_component id="oc-225">
         <name>.text.UART2_writeTimeoutNonblocking</name>
         <load_address>0x1002604</load_address>
         <readonly>true</readonly>
         <executable>true</executable>
         <run_address>0x1002604</run_address>
         <size>0x11a</size>
         <alignment>0x2</alignment>
         <input_file_ref idref="fl-1c"/>
      </object_component>
      <object_component id="oc-31a">
         <name>.text.uDMAChannelTransferSet</name>
         <load_address>0x100271e</load_address>
         <readonly>true</readonly>
         <executable>true</executable>
         <run_address>0x100271e</run_address>
         <size>0x112</size>
         <alignment>0x2</alignment>
         <input_file_ref idref="fl-33"/>
      </object_component>
      <object_component id="oc-184">
         <name>.text.__muldf3</name>
         <load_address>0x1002830</load_address>
         <readonly>true</readonly>
         <executable>true</executable>
         <run_address>0x1002830</run_address>
         <size>0xfc</size>
         <alignment>0x4</alignment>
         <input_file_ref idref="fl-d9"/>
      </object_component>
      <object_component id="oc-1b7">
         <name>.text.free</name>
         <load_address>0x100292c</load_address>
         <readonly>true</readonly>
         <executable>true</executable>
         <run_address>0x100292c</run_address>
         <size>0xf0</size>
         <alignment>0x4</alignment>
         <input_file_ref idref="fl-45"/>
      </object_component>
      <object_component id="oc-156">
         <name>.text.I2C_open</name>
         <load_address>0x1002a1c</load_address>
         <readonly>true</readonly>
         <executable>true</executable>
         <run_address>0x1002a1c</run_address>
         <size>0xe8</size>
         <alignment>0x4</alignment>
         <input_file_ref idref="fl-17"/>
      </object_component>
      <object_component id="oc-1eb">
         <name>.text.UART2_close</name>
         <load_address>0x1002b04</load_address>
         <readonly>true</readonly>
         <executable>true</executable>
         <run_address>0x1002b04</run_address>
         <size>0xe8</size>
         <alignment>0x4</alignment>
         <input_file_ref idref="fl-1d"/>
      </object_component>
      <object_component id="oc-b1">
         <name>.text.mainThread</name>
         <load_address>0x1002bec</load_address>
         <readonly>true</readonly>
         <executable>true</executable>
         <run_address>0x1002bec</run_address>
         <size>0xe0</size>
         <alignment>0x4</alignment>
         <input_file_ref idref="fl-1"/>
      </object_component>
      <object_component id="oc-ef">
         <name>.text.initI2C</name>
         <load_address>0x1002ccc</load_address>
         <readonly>true</readonly>
         <executable>true</executable>
         <run_address>0x1002ccc</run_address>
         <size>0xdc</size>
         <alignment>0x4</alignment>
         <input_file_ref idref="fl-1"/>
      </object_component>
      <object_component id="oc-28d">
         <name>.text.UART2Support_dmaStartRx</name>
         <load_address>0x1002da8</load_address>
         <readonly>true</readonly>
         <executable>true</executable>
         <run_address>0x1002da8</run_address>
         <size>0xcc</size>
         <alignment>0x4</alignment>
         <input_file_ref idref="fl-1d"/>
      </object_component>
      <object_component id="oc-30f">
         <name>.text.IntDisable</name>
         <load_address>0x1002e74</load_address>
         <readonly>true</readonly>
         <executable>true</executable>
         <run_address>0x1002e74</run_address>
         <size>0xc8</size>
         <alignment>0x2</alignment>
         <input_file_ref idref="fl-2c"/>
      </object_component>
      <object_component id="oc-276">
         <name>.text.IntEnable</name>
         <load_address>0x1002f3c</load_address>
         <readonly>true</readonly>
         <executable>true</executable>
         <run_address>0x1002f3c</run_address>
         <size>0xc8</size>
         <alignment>0x2</alignment>
         <input_file_ref idref="fl-2c"/>
      </object_component>
      <object_component id="oc-1e7">
         <name>.text.UART2CC32XX_initHw</name>
         <load_address>0x1003004</load_address>
         <readonly>true</readonly>
         <executable>true</executable>
         <run_address>0x1003004</run_address>
         <size>0xc4</size>
         <alignment>0x4</alignment>
         <input_file_ref idref="fl-1d"/>
      </object_component>
      <object_component id="oc-290">
         <name>.text.UART2Support_dmaStartTx</name>
         <load_address>0x10030c8</load_address>
         <readonly>true</readonly>
         <executable>true</executable>
         <run_address>0x10030c8</run_address>
         <size>0xb8</size>
         <alignment>0x4</alignment>
         <input_file_ref idref="fl-1d"/>
      </object_component>
      <object_component id="oc-2e8">
         <name>.text</name>
         <load_address>0x1003180</load_address>
         <readonly>true</readonly>
         <executable>true</executable>
         <run_address>0x1003180</run_address>
         <size>0xb0</size>
         <alignment>0x4</alignment>
         <input_file_ref idref="fl-e1"/>
      </object_component>
      <object_component id="oc-24e">
         <name>.text.GPIOIntTypeSet</name>
         <load_address>0x1003230</load_address>
         <readonly>true</readonly>
         <executable>true</executable>
         <run_address>0x1003230</run_address>
         <size>0xac</size>
         <alignment>0x2</alignment>
         <input_file_ref idref="fl-29"/>
      </object_component>
      <object_component id="oc-370">
         <name>.text.IntPendSet</name>
         <load_address>0x10032dc</load_address>
         <readonly>true</readonly>
         <executable>true</executable>
         <run_address>0x10032dc</run_address>
         <size>0xa4</size>
         <alignment>0x2</alignment>
         <input_file_ref idref="fl-2c"/>
      </object_component>
      <object_component id="oc-1bf">
         <name>.text.PinConfigSet</name>
         <load_address>0x1003380</load_address>
         <readonly>true</readonly>
         <executable>true</executable>
         <run_address>0x1003380</run_address>
         <size>0xa2</size>
         <alignment>0x2</alignment>
         <input_file_ref idref="fl-2d"/>
      </object_component>
      <object_component id="oc-2a3">
         <name>.text.I2CCC32XX_completeTransfer</name>
         <load_address>0x1003422</load_address>
         <readonly>true</readonly>
         <executable>true</executable>
         <run_address>0x1003422</run_address>
         <size>0x9c</size>
         <alignment>0x2</alignment>
         <input_file_ref idref="fl-17"/>
      </object_component>
      <object_component id="oc-294">
         <name>.text.I2CMasterInitExpClk</name>
         <load_address>0x10034be</load_address>
         <readonly>true</readonly>
         <executable>true</executable>
         <run_address>0x10034be</run_address>
         <size>0x98</size>
         <alignment>0x2</alignment>
         <input_file_ref idref="fl-2b"/>
      </object_component>
      <object_component id="oc-1ab">
         <name>.text.PowerCC32XX_initPolicy</name>
         <load_address>0x1003556</load_address>
         <readonly>true</readonly>
         <executable>true</executable>
         <run_address>0x1003556</run_address>
         <size>0x2</size>
         <alignment>0x2</alignment>
         <input_file_ref idref="fl-25"/>
      </object_component>
      <object_component id="oc-13a">
         <name>.text.SemaphoreP_pend</name>
         <load_address>0x1003558</load_address>
         <readonly>true</readonly>
         <executable>true</executable>
         <run_address>0x1003558</run_address>
         <size>0x98</size>
         <alignment>0x4</alignment>
         <input_file_ref idref="fl-22"/>
      </object_component>
      <object_component id="oc-2f4">
         <name>.text</name>
         <load_address>0x10035f0</load_address>
         <readonly>true</readonly>
         <executable>true</executable>
         <run_address>0x10035f0</run_address>
         <size>0x96</size>
         <alignment>0x10</alignment>
         <input_file_ref idref="fl-19"/>
      </object_component>
      <object_component id="oc-26f">
         <name>.text.uDMAChannelAttributeDisable</name>
         <load_address>0x1003686</load_address>
         <readonly>true</readonly>
         <executable>true</executable>
         <run_address>0x1003686</run_address>
         <size>0x92</size>
         <alignment>0x2</alignment>
         <input_file_ref idref="fl-33"/>
      </object_component>
      <object_component id="oc-dd">
         <name>.text.GPIO_init</name>
         <load_address>0x1003718</load_address>
         <readonly>true</readonly>
         <executable>true</executable>
         <run_address>0x1003718</run_address>
         <size>0x90</size>
         <alignment>0x4</alignment>
         <input_file_ref idref="fl-15"/>
      </object_component>
      <object_component id="oc-119">
         <name>.text.PRCMSysResetCauseGet</name>
         <load_address>0x10037a8</load_address>
         <readonly>true</readonly>
         <executable>true</executable>
         <run_address>0x10037a8</run_address>
         <size>0x8e</size>
         <alignment>0x2</alignment>
         <input_file_ref idref="fl-2e"/>
      </object_component>
      <object_component id="oc-27f">
         <name>.text.SemaphoreP_destruct</name>
         <load_address>0x1003836</load_address>
         <readonly>true</readonly>
         <executable>true</executable>
         <run_address>0x1003836</run_address>
         <size>0x2</size>
         <alignment>0x2</alignment>
         <input_file_ref idref="fl-22"/>
      </object_component>
      <object_component id="oc-12b">
         <name>.text.PowerCC32XX_configureWakeup</name>
         <load_address>0x1003838</load_address>
         <readonly>true</readonly>
         <executable>true</executable>
         <run_address>0x1003838</run_address>
         <size>0x88</size>
         <alignment>0x4</alignment>
         <input_file_ref idref="fl-18"/>
      </object_component>
      <object_component id="oc-f7">
         <name>.text.readTemp</name>
         <load_address>0x10038c0</load_address>
         <readonly>true</readonly>
         <executable>true</executable>
         <run_address>0x10038c0</run_address>
         <size>0x88</size>
         <alignment>0x4</alignment>
         <input_file_ref idref="fl-1"/>
      </object_component>
      <object_component id="oc-2a0">
         <name>.text.I2CCC32XX_primeReadBurst</name>
         <load_address>0x1003948</load_address>
         <readonly>true</readonly>
         <executable>true</executable>
         <run_address>0x1003948</run_address>
         <size>0x7a</size>
         <alignment>0x2</alignment>
         <input_file_ref idref="fl-17"/>
      </object_component>
      <object_component id="oc-167">
         <name>.text.Timer_init</name>
         <load_address>0x10039c2</load_address>
         <readonly>true</readonly>
         <executable>true</executable>
         <run_address>0x10039c2</run_address>
         <size>0x2</size>
         <alignment>0x2</alignment>
         <input_file_ref idref="fl-1a"/>
      </object_component>
      <object_component id="oc-d8">
         <name>.text.Power_init</name>
         <load_address>0x10039c4</load_address>
         <readonly>true</readonly>
         <executable>true</executable>
         <run_address>0x10039c4</run_address>
         <size>0x78</size>
         <alignment>0x4</alignment>
         <input_file_ref idref="fl-18"/>
      </object_component>
      <object_component id="oc-1e9">
         <name>.text.HwiP_construct</name>
         <load_address>0x1003a3c</load_address>
         <readonly>true</readonly>
         <executable>true</executable>
         <run_address>0x1003a3c</run_address>
         <size>0x74</size>
         <alignment>0x4</alignment>
         <input_file_ref idref="fl-24"/>
      </object_component>
      <object_component id="oc-1a8">
         <name>.text.PRCMHibernateWakeUpGPIOSelect</name>
         <load_address>0x1003ab0</load_address>
         <readonly>true</readonly>
         <executable>true</executable>
         <run_address>0x1003ab0</run_address>
         <size>0x74</size>
         <alignment>0x2</alignment>
         <input_file_ref idref="fl-2e"/>
      </object_component>
      <object_component id="oc-264">
         <name>.text.UARTConfigSetExpClk</name>
         <load_address>0x1003b24</load_address>
         <readonly>true</readonly>
         <executable>true</executable>
         <run_address>0x1003b24</run_address>
         <size>0x74</size>
         <alignment>0x2</alignment>
         <input_file_ref idref="fl-32"/>
      </object_component>
      <object_component id="oc-19">
         <name>.text:decompress:lzss</name>
         <load_address>0x1003b98</load_address>
         <readonly>true</readonly>
         <executable>true</executable>
         <run_address>0x1003b98</run_address>
         <size>0x70</size>
         <alignment>0x2</alignment>
         <input_file_ref idref="fl-4d"/>
      </object_component>
      <object_component id="oc-2f2">
         <name>.text.PinLockLevelSet</name>
         <load_address>0x1003c08</load_address>
         <readonly>true</readonly>
         <executable>true</executable>
         <run_address>0x1003c08</run_address>
         <size>0x6c</size>
         <alignment>0x2</alignment>
         <input_file_ref idref="fl-2d"/>
      </object_component>
      <object_component id="oc-1c0">
         <name>.text.Power_setDependency</name>
         <load_address>0x1003c74</load_address>
         <readonly>true</readonly>
         <executable>true</executable>
         <run_address>0x1003c74</run_address>
         <size>0x6c</size>
         <alignment>0x4</alignment>
         <input_file_ref idref="fl-18"/>
      </object_component>
      <object_component id="oc-1e5">
         <name>.text.UDMACC32XX_open</name>
         <load_address>0x1003ce0</load_address>
         <readonly>true</readonly>
         <executable>true</executable>
         <run_address>0x1003ce0</run_address>
         <size>0x6c</size>
         <alignment>0x4</alignment>
         <input_file_ref idref="fl-20"/>
      </object_component>
      <object_component id="oc-142">
         <name>.text.powerNotifyFxn</name>
         <load_address>0x1003d4c</load_address>
         <readonly>true</readonly>
         <executable>true</executable>
         <run_address>0x1003d4c</run_address>
         <size>0x6c</size>
         <alignment>0x4</alignment>
         <input_file_ref idref="fl-15"/>
      </object_component>
      <object_component id="oc-371">
         <name>.text.split</name>
         <load_address>0x1003db8</load_address>
         <readonly>true</readonly>
         <executable>true</executable>
         <run_address>0x1003db8</run_address>
         <size>0x6c</size>
         <alignment>0x4</alignment>
         <input_file_ref idref="fl-45"/>
      </object_component>
      <object_component id="oc-121">
         <name>.text.PRCMPeripheralReset</name>
         <load_address>0x1003e24</load_address>
         <readonly>true</readonly>
         <executable>true</executable>
         <run_address>0x1003e24</run_address>
         <size>0x6a</size>
         <alignment>0x2</alignment>
         <input_file_ref idref="fl-2e"/>
      </object_component>
      <object_component id="oc-1ee">
         <name>.text.UART2CC32XX_eventCallback</name>
         <load_address>0x1003e8e</load_address>
         <readonly>true</readonly>
         <executable>true</executable>
         <run_address>0x1003e8e</run_address>
         <size>0x2</size>
         <alignment>0x2</alignment>
         <input_file_ref idref="fl-1d"/>
      </object_component>
      <object_component id="oc-1fb">
         <name>.text.I2CCC32XX_initHw</name>
         <load_address>0x1003e90</load_address>
         <readonly>true</readonly>
         <executable>true</executable>
         <run_address>0x1003e90</run_address>
         <size>0x68</size>
         <alignment>0x4</alignment>
         <input_file_ref idref="fl-17"/>
      </object_component>
      <object_component id="oc-273">
         <name>.text.IntPendClear</name>
         <load_address>0x1003ef8</load_address>
         <readonly>true</readonly>
         <executable>true</executable>
         <run_address>0x1003ef8</run_address>
         <size>0x68</size>
         <alignment>0x2</alignment>
         <input_file_ref idref="fl-2c"/>
      </object_component>
      <object_component id="oc-2a1">
         <name>.text.I2CCC32XX_primeWriteBurst</name>
         <load_address>0x1003f60</load_address>
         <readonly>true</readonly>
         <executable>true</executable>
         <run_address>0x1003f60</run_address>
         <size>0x66</size>
         <alignment>0x2</alignment>
         <input_file_ref idref="fl-17"/>
      </object_component>
      <object_component id="oc-35f">
         <name>.text.__aeabi_ldiv0</name>
         <load_address>0x1003fc6</load_address>
         <readonly>true</readonly>
         <executable>true</executable>
         <run_address>0x1003fc6</run_address>
         <size>0x2</size>
         <alignment>0x2</alignment>
         <input_file_ref idref="fl-e3"/>
      </object_component>
      <object_component id="oc-f8">
         <name>.text.GPIO_write</name>
         <load_address>0x1003fc8</load_address>
         <readonly>true</readonly>
         <executable>true</executable>
         <run_address>0x1003fc8</run_address>
         <size>0x60</size>
         <alignment>0x4</alignment>
         <input_file_ref idref="fl-15"/>
      </object_component>
      <object_component id="oc-28f">
         <name>.text.UART2Support_dmaStopTx</name>
         <load_address>0x1004028</load_address>
         <readonly>true</readonly>
         <executable>true</executable>
         <run_address>0x1004028</run_address>
         <size>0x60</size>
         <alignment>0x2</alignment>
         <input_file_ref idref="fl-1d"/>
      </object_component>
      <object_component id="oc-36b">
         <name>.text.FlashDisable</name>
         <load_address>0x1004088</load_address>
         <readonly>true</readonly>
         <executable>true</executable>
         <run_address>0x1004088</run_address>
         <size>0x5c</size>
         <alignment>0x2</alignment>
         <input_file_ref idref="fl-35"/>
      </object_component>
      <object_component id="oc-2a6">
         <name>.text.I2CSupport_primeTransfer</name>
         <load_address>0x10040e4</load_address>
         <readonly>true</readonly>
         <executable>true</executable>
         <run_address>0x10040e4</run_address>
         <size>0x5c</size>
         <alignment>0x2</alignment>
         <input_file_ref idref="fl-17"/>
      </object_component>
      <object_component id="oc-1aa">
         <name>.text.PRCMHibernateWakeupSourceDisable</name>
         <load_address>0x1004140</load_address>
         <readonly>true</readonly>
         <executable>true</executable>
         <run_address>0x1004140</run_address>
         <size>0x5c</size>
         <alignment>0x2</alignment>
         <input_file_ref idref="fl-2e"/>
      </object_component>
      <object_component id="oc-20b">
         <name>.text.TimerCC32XX_allocateTimerResource</name>
         <load_address>0x100419c</load_address>
         <readonly>true</readonly>
         <executable>true</executable>
         <run_address>0x100419c</run_address>
         <size>0x5c</size>
         <alignment>0x4</alignment>
         <input_file_ref idref="fl-1b"/>
      </object_component>
      <object_component id="oc-120">
         <name>.text.PRCMPeripheralClkEnable</name>
         <load_address>0x10041f8</load_address>
         <readonly>true</readonly>
         <executable>true</executable>
         <run_address>0x10041f8</run_address>
         <size>0x5a</size>
         <alignment>0x2</alignment>
         <input_file_ref idref="fl-2e"/>
      </object_component>
      <object_component id="oc-196">
         <name>.text._nop</name>
         <load_address>0x1004252</load_address>
         <readonly>true</readonly>
         <executable>true</executable>
         <run_address>0x1004252</run_address>
         <size>0x2</size>
         <alignment>0x2</alignment>
         <input_file_ref idref="fl-53"/>
      </object_component>
      <object_component id="oc-2e6">
         <name>.text.ClockP_startup</name>
         <load_address>0x1004254</load_address>
         <readonly>true</readonly>
         <executable>true</executable>
         <run_address>0x1004254</run_address>
         <size>0x58</size>
         <alignment>0x4</alignment>
         <input_file_ref idref="fl-23"/>
      </object_component>
      <object_component id="oc-275">
         <name>.text.IntPrioritySet</name>
         <load_address>0x10042ac</load_address>
         <readonly>true</readonly>
         <executable>true</executable>
         <run_address>0x10042ac</run_address>
         <size>0x58</size>
         <alignment>0x2</alignment>
         <input_file_ref idref="fl-2c"/>
      </object_component>
      <object_component id="oc-2fe">
         <name>.text.PRCMLPDSEnter</name>
         <load_address>0x1004304</load_address>
         <readonly>true</readonly>
         <executable>true</executable>
         <run_address>0x1004304</run_address>
         <size>0x56</size>
         <alignment>0x2</alignment>
         <input_file_ref idref="fl-2e"/>
      </object_component>
      <object_component id="oc-58">
         <name>.text.busFaultHandler</name>
         <load_address>0x100435a</load_address>
         <readonly>true</readonly>
         <executable>true</executable>
         <run_address>0x100435a</run_address>
         <size>0x2</size>
         <alignment>0x2</alignment>
         <input_file_ref idref="fl-26"/>
      </object_component>
      <object_component id="oc-1d3">
         <name>.text.PowerCC32XX_setParkState</name>
         <load_address>0x100435c</load_address>
         <readonly>true</readonly>
         <executable>true</executable>
         <run_address>0x100435c</run_address>
         <size>0x54</size>
         <alignment>0x4</alignment>
         <input_file_ref idref="fl-18"/>
      </object_component>
      <object_component id="oc-282">
         <name>.text.Power_releaseDependency</name>
         <load_address>0x10043b0</load_address>
         <readonly>true</readonly>
         <executable>true</executable>
         <run_address>0x10043b0</run_address>
         <size>0x54</size>
         <alignment>0x4</alignment>
         <input_file_ref idref="fl-18"/>
      </object_component>
      <object_component id="oc-1c7">
         <name>.text.GPIO_hwiIntFxn</name>
         <load_address>0x1004404</load_address>
         <readonly>true</readonly>
         <executable>true</executable>
         <run_address>0x1004404</run_address>
         <size>0x50</size>
         <alignment>0x4</alignment>
         <input_file_ref idref="fl-15"/>
      </object_component>
      <object_component id="oc-1a9">
         <name>.text.PRCMHibernateWakeupSourceEnable</name>
         <load_address>0x1004454</load_address>
         <readonly>true</readonly>
         <executable>true</executable>
         <run_address>0x1004454</run_address>
         <size>0x50</size>
         <alignment>0x2</alignment>
         <input_file_ref idref="fl-2e"/>
      </object_component>
      <object_component id="oc-248">
         <name>.text.SemaphoreP_construct</name>
         <load_address>0x10044a4</load_address>
         <readonly>true</readonly>
         <executable>true</executable>
         <run_address>0x10044a4</run_address>
         <size>0x50</size>
         <alignment>0x4</alignment>
         <input_file_ref idref="fl-22"/>
      </object_component>
      <object_component id="oc-26e">
         <name>.text.uDMAChannelAssign</name>
         <load_address>0x10044f4</load_address>
         <readonly>true</readonly>
         <executable>true</executable>
         <run_address>0x10044f4</run_address>
         <size>0x4e</size>
         <alignment>0x2</alignment>
         <input_file_ref idref="fl-33"/>
      </object_component>
      <object_component id="oc-1be">
         <name>.text.clkFxn</name>
         <load_address>0x1004542</load_address>
         <readonly>true</readonly>
         <executable>true</executable>
         <run_address>0x1004542</run_address>
         <size>0x2</size>
         <alignment>0x2</alignment>
         <input_file_ref idref="fl-22"/>
      </object_component>
      <object_component id="oc-1c4">
         <name>.text.GPIO_setInterruptConfig</name>
         <load_address>0x1004544</load_address>
         <readonly>true</readonly>
         <executable>true</executable>
         <run_address>0x1004544</run_address>
         <size>0x4c</size>
         <alignment>0x4</alignment>
         <input_file_ref idref="fl-15"/>
      </object_component>
      <object_component id="oc-369">
         <name>.text.PRCMLPDSRestoreInfoSet</name>
         <load_address>0x1004590</load_address>
         <readonly>true</readonly>
         <executable>true</executable>
         <run_address>0x1004590</run_address>
         <size>0x4c</size>
         <alignment>0x2</alignment>
         <input_file_ref idref="fl-2e"/>
      </object_component>
      <object_component id="oc-20f">
         <name>.text.initHw</name>
         <load_address>0x10045dc</load_address>
         <readonly>true</readonly>
         <executable>true</executable>
         <run_address>0x10045dc</run_address>
         <size>0x4c</size>
         <alignment>0x2</alignment>
         <input_file_ref idref="fl-1b"/>
      </object_component>
      <object_component id="oc-28b">
         <name>.text.UART2Support_dmaStopRx</name>
         <load_address>0x1004628</load_address>
         <readonly>true</readonly>
         <executable>true</executable>
         <run_address>0x1004628</run_address>
         <size>0x4a</size>
         <alignment>0x2</alignment>
         <input_file_ref idref="fl-1d"/>
      </object_component>
      <object_component id="oc-20e">
         <name>.text.getPrescaler</name>
         <load_address>0x1004672</load_address>
         <readonly>true</readonly>
         <executable>true</executable>
         <run_address>0x1004672</run_address>
         <size>0x4a</size>
         <alignment>0x2</alignment>
         <input_file_ref idref="fl-1b"/>
      </object_component>
      <object_component id="oc-316">
         <name>.text.uDMAChannelSizeGet</name>
         <load_address>0x10046bc</load_address>
         <readonly>true</readonly>
         <executable>true</executable>
         <run_address>0x10046bc</run_address>
         <size>0x4a</size>
         <alignment>0x2</alignment>
         <input_file_ref idref="fl-33"/>
      </object_component>
      <object_component id="oc-57">
         <name>.text.defaultHandler</name>
         <load_address>0x1004706</load_address>
         <readonly>true</readonly>
         <executable>true</executable>
         <run_address>0x1004706</run_address>
         <size>0x2</size>
         <alignment>0x2</alignment>
         <input_file_ref idref="fl-26"/>
      </object_component>
      <object_component id="oc-59">
         <name>.text.ClockP_sysTickHandler</name>
         <load_address>0x1004708</load_address>
         <readonly>true</readonly>
         <executable>true</executable>
         <run_address>0x1004708</run_address>
         <size>0x48</size>
         <alignment>0x4</alignment>
         <input_file_ref idref="fl-23"/>
      </object_component>
      <object_component id="oc-2f8">
         <name>.text.PRCMIntEnable</name>
         <load_address>0x1004750</load_address>
         <readonly>true</readonly>
         <executable>true</executable>
         <run_address>0x1004750</run_address>
         <size>0x48</size>
         <alignment>0x2</alignment>
         <input_file_ref idref="fl-2e"/>
      </object_component>
      <object_component id="oc-24d">
         <name>.text.PRCMPeripheralStatusGet</name>
         <load_address>0x1004798</load_address>
         <readonly>true</readonly>
         <executable>true</executable>
         <run_address>0x1004798</run_address>
         <size>0x48</size>
         <alignment>0x2</alignment>
         <input_file_ref idref="fl-2e"/>
      </object_component>
      <object_component id="oc-366">
         <name>.text.PinConfigGet</name>
         <load_address>0x10047e0</load_address>
         <readonly>true</readonly>
         <executable>true</executable>
         <run_address>0x10047e0</run_address>
         <size>0x48</size>
         <alignment>0x2</alignment>
         <input_file_ref idref="fl-2d"/>
      </object_component>
      <object_component id="oc-188">
         <name>.text.__fixdfsi</name>
         <load_address>0x1004828</load_address>
         <readonly>true</readonly>
         <executable>true</executable>
         <run_address>0x1004828</run_address>
         <size>0x48</size>
         <alignment>0x4</alignment>
         <input_file_ref idref="fl-db"/>
      </object_component>
      <object_component id="oc-29f">
         <name>.text.I2CCC32XX_fillTransmitFifo</name>
         <load_address>0x1004870</load_address>
         <readonly>true</readonly>
         <executable>true</executable>
         <run_address>0x1004870</run_address>
         <size>0x46</size>
         <alignment>0x2</alignment>
         <input_file_ref idref="fl-17"/>
      </object_component>
      <object_component id="oc-2fd">
         <name>.text.PRCMLPDSEnterKeepDebugIf</name>
         <load_address>0x10048b6</load_address>
         <readonly>true</readonly>
         <executable>true</executable>
         <run_address>0x10048b6</run_address>
         <size>0x46</size>
         <alignment>0x2</alignment>
         <input_file_ref idref="fl-2e"/>
      </object_component>
      <object_component id="oc-314">
         <name>.text.RingBuf_put</name>
         <load_address>0x10048fc</load_address>
         <readonly>true</readonly>
         <executable>true</executable>
         <run_address>0x10048fc</run_address>
         <size>0x46</size>
         <alignment>0x2</alignment>
         <input_file_ref idref="fl-1f"/>
      </object_component>
      <object_component id="oc-1c3">
         <name>.text.GPIODirModeSet</name>
         <load_address>0x1004942</load_address>
         <readonly>true</readonly>
         <executable>true</executable>
         <run_address>0x1004942</run_address>
         <size>0x44</size>
         <alignment>0x2</alignment>
         <input_file_ref idref="fl-29"/>
      </object_component>
      <object_component id="oc-56">
         <name>.text.faultISR</name>
         <load_address>0x1004986</load_address>
         <readonly>true</readonly>
         <executable>true</executable>
         <run_address>0x1004986</run_address>
         <size>0x2</size>
         <alignment>0x2</alignment>
         <input_file_ref idref="fl-26"/>
      </object_component>
      <object_component id="oc-24f">
         <name>.text.GPIO_disableInt</name>
         <load_address>0x1004988</load_address>
         <readonly>true</readonly>
         <executable>true</executable>
         <run_address>0x1004988</run_address>
         <size>0x44</size>
         <alignment>0x4</alignment>
         <input_file_ref idref="fl-15"/>
      </object_component>
      <object_component id="oc-f6">
         <name>.text.GPIO_enableInt</name>
         <load_address>0x10049cc</load_address>
         <readonly>true</readonly>
         <executable>true</executable>
         <run_address>0x10049cc</run_address>
         <size>0x44</size>
         <alignment>0x4</alignment>
         <input_file_ref idref="fl-15"/>
      </object_component>
      <object_component id="oc-28e">
         <name>.text.Power_releaseConstraint</name>
         <load_address>0x1004a10</load_address>
         <readonly>true</readonly>
         <executable>true</executable>
         <run_address>0x1004a10</run_address>
         <size>0x44</size>
         <alignment>0x4</alignment>
         <input_file_ref idref="fl-18"/>
      </object_component>
      <object_component id="oc-174">
         <name>.text.Timer_start</name>
         <load_address>0x1004a54</load_address>
         <readonly>true</readonly>
         <executable>true</executable>
         <run_address>0x1004a54</run_address>
         <size>0x44</size>
         <alignment>0x2</alignment>
         <input_file_ref idref="fl-1a"/>
      </object_component>
      <object_component id="oc-7e">
         <name>.text.addToList</name>
         <load_address>0x1004a98</load_address>
         <readonly>true</readonly>
         <executable>true</executable>
         <run_address>0x1004a98</run_address>
         <size>0x44</size>
         <alignment>0x4</alignment>
         <input_file_ref idref="fl-23"/>
      </object_component>
      <object_component id="oc-f0">
         <name>.text.initTimer</name>
         <load_address>0x1004adc</load_address>
         <readonly>true</readonly>
         <executable>true</executable>
         <run_address>0x1004adc</run_address>
         <size>0x44</size>
         <alignment>0x4</alignment>
         <input_file_ref idref="fl-1"/>
      </object_component>
      <object_component id="oc-f9">
         <name>.text.snprintf</name>
         <load_address>0x1004b20</load_address>
         <readonly>true</readonly>
         <executable>true</executable>
         <run_address>0x1004b20</run_address>
         <size>0x44</size>
         <alignment>0x4</alignment>
         <input_file_ref idref="fl-44"/>
      </object_component>
      <object_component id="oc-128">
         <name>.text.PinModeSet</name>
         <load_address>0x1004b64</load_address>
         <readonly>true</readonly>
         <executable>true</executable>
         <run_address>0x1004b64</run_address>
         <size>0x42</size>
         <alignment>0x2</alignment>
         <input_file_ref idref="fl-2d"/>
      </object_component>
      <object_component id="oc-2b6">
         <name>.text.TimerControlStall</name>
         <load_address>0x1004ba6</load_address>
         <readonly>true</readonly>
         <executable>true</executable>
         <run_address>0x1004ba6</run_address>
         <size>0x42</size>
         <alignment>0x2</alignment>
         <input_file_ref idref="fl-31"/>
      </object_component>
      <object_component id="oc-20d">
         <name>.text.Timer_close</name>
         <load_address>0x1004be8</load_address>
         <readonly>true</readonly>
         <executable>true</executable>
         <run_address>0x1004be8</run_address>
         <size>0x42</size>
         <alignment>0x2</alignment>
         <input_file_ref idref="fl-1b"/>
      </object_component>
      <object_component id="oc-233">
         <name>.text.getCountsRTC</name>
         <load_address>0x1004c2a</load_address>
         <readonly>true</readonly>
         <executable>true</executable>
         <run_address>0x1004c2a</run_address>
         <size>0x42</size>
         <alignment>0x2</alignment>
         <input_file_ref idref="fl-25"/>
      </object_component>
      <object_component id="oc-13d">
         <name>.text.SemaphoreP_post</name>
         <load_address>0x1004c6c</load_address>
         <readonly>true</readonly>
         <executable>true</executable>
         <run_address>0x1004c6c</run_address>
         <size>0x40</size>
         <alignment>0x4</alignment>
         <input_file_ref idref="fl-22"/>
      </object_component>
      <object_component id="oc-2ac">
         <name>.text.Timer_stop</name>
         <load_address>0x1004cac</load_address>
         <readonly>true</readonly>
         <executable>true</executable>
         <run_address>0x1004cac</run_address>
         <size>0x40</size>
         <alignment>0x2</alignment>
         <input_file_ref idref="fl-1a"/>
      </object_component>
      <object_component id="oc-2c6">
         <name>.text.atoi</name>
         <load_address>0x1004cec</load_address>
         <readonly>true</readonly>
         <executable>true</executable>
         <run_address>0x1004cec</run_address>
         <size>0x40</size>
         <alignment>0x4</alignment>
         <input_file_ref idref="fl-57"/>
      </object_component>
      <object_component id="oc-319">
         <name>.text.uDMAChannelControlSet</name>
         <load_address>0x1004d2c</load_address>
         <readonly>true</readonly>
         <executable>true</executable>
         <run_address>0x1004d2c</run_address>
         <size>0x40</size>
         <alignment>0x2</alignment>
         <input_file_ref idref="fl-33"/>
      </object_component>
      <object_component id="oc-368">
         <name>.text.PinDirModeSet</name>
         <load_address>0x1004d6c</load_address>
         <readonly>true</readonly>
         <executable>true</executable>
         <run_address>0x1004d6c</run_address>
         <size>0x3e</size>
         <alignment>0x2</alignment>
         <input_file_ref idref="fl-2d"/>
      </object_component>
      <object_component id="oc-55">
         <name>.text.nmiISR</name>
         <load_address>0x1004daa</load_address>
         <readonly>true</readonly>
         <executable>true</executable>
         <run_address>0x1004daa</run_address>
         <size>0x2</size>
         <alignment>0x2</alignment>
         <input_file_ref idref="fl-26"/>
      </object_component>
      <object_component id="oc-24c">
         <name>.text.ClockP_stop</name>
         <load_address>0x1004dac</load_address>
         <readonly>true</readonly>
         <executable>true</executable>
         <run_address>0x1004dac</run_address>
         <size>0x3c</size>
         <alignment>0x4</alignment>
         <input_file_ref idref="fl-23"/>
      </object_component>
      <object_component id="oc-1e0">
         <name>.text.UDMACC32XX_init</name>
         <load_address>0x1004de8</load_address>
         <readonly>true</readonly>
         <executable>true</executable>
         <run_address>0x1004de8</run_address>
         <size>0x3c</size>
         <alignment>0x4</alignment>
         <input_file_ref idref="fl-20"/>
      </object_component>
      <object_component id="oc-217">
         <name>.text.TimerSupport_timerEnable</name>
         <load_address>0x1004e24</load_address>
         <readonly>true</readonly>
         <executable>true</executable>
         <run_address>0x1004e24</run_address>
         <size>0x3a</size>
         <alignment>0x2</alignment>
         <input_file_ref idref="fl-1b"/>
      </object_component>
      <object_component id="oc-1bd">
         <name>.text.ClockP_destruct</name>
         <load_address>0x1004e60</load_address>
         <readonly>true</readonly>
         <executable>true</executable>
         <run_address>0x1004e60</run_address>
         <size>0x38</size>
         <alignment>0x4</alignment>
         <input_file_ref idref="fl-23"/>
      </object_component>
      <object_component id="oc-2bb">
         <name>.text.Power_setConstraint</name>
         <load_address>0x1004e98</load_address>
         <readonly>true</readonly>
         <executable>true</executable>
         <run_address>0x1004e98</run_address>
         <size>0x38</size>
         <alignment>0x4</alignment>
         <input_file_ref idref="fl-18"/>
      </object_component>
      <object_component id="oc-2de">
         <name>.text.RingBuf_putAdvance</name>
         <load_address>0x1004ed0</load_address>
         <readonly>true</readonly>
         <executable>true</executable>
         <run_address>0x1004ed0</run_address>
         <size>0x38</size>
         <alignment>0x2</alignment>
         <input_file_ref idref="fl-1f"/>
      </object_component>
      <object_component id="oc-244">
         <name>.text.SwiP_restore</name>
         <load_address>0x1004f08</load_address>
         <readonly>true</readonly>
         <executable>true</executable>
         <run_address>0x1004f08</run_address>
         <size>0x38</size>
         <alignment>0x4</alignment>
         <input_file_ref idref="fl-27"/>
      </object_component>
      <object_component id="oc-280">
         <name>.text.UDMACC32XX_close</name>
         <load_address>0x1004f40</load_address>
         <readonly>true</readonly>
         <executable>true</executable>
         <run_address>0x1004f40</run_address>
         <size>0x38</size>
         <alignment>0x4</alignment>
         <input_file_ref idref="fl-20"/>
      </object_component>
      <object_component id="oc-c0">
         <name>.text:__TI_auto_init_nobinit_nopinit</name>
         <load_address>0x1004f78</load_address>
         <readonly>true</readonly>
         <executable>true</executable>
         <run_address>0x1004f78</run_address>
         <size>0x38</size>
         <alignment>0x4</alignment>
         <input_file_ref idref="fl-48"/>
      </object_component>
      <object_component id="oc-2f3">
         <name>.text.PinLock</name>
         <load_address>0x1004fb0</load_address>
         <readonly>true</readonly>
         <executable>true</executable>
         <run_address>0x1004fb0</run_address>
         <size>0x36</size>
         <alignment>0x2</alignment>
         <input_file_ref idref="fl-2d"/>
      </object_component>
      <object_component id="oc-214">
         <name>.text.TimerCC32XX_hwiIntFunction</name>
         <load_address>0x1004fe6</load_address>
         <readonly>true</readonly>
         <executable>true</executable>
         <run_address>0x1004fe6</run_address>
         <size>0x36</size>
         <alignment>0x2</alignment>
         <input_file_ref idref="fl-1b"/>
      </object_component>
      <object_component id="oc-35c">
         <name>.text.UARTCharPutNonBlocking</name>
         <load_address>0x100501c</load_address>
         <readonly>true</readonly>
         <executable>true</executable>
         <run_address>0x100501c</run_address>
         <size>0x36</size>
         <alignment>0x2</alignment>
         <input_file_ref idref="fl-32"/>
      </object_component>
      <object_component id="oc-1ba">
         <name>.text.ClockP_start</name>
         <load_address>0x1005054</load_address>
         <readonly>true</readonly>
         <executable>true</executable>
         <run_address>0x1005054</run_address>
         <size>0x34</size>
         <alignment>0x4</alignment>
         <input_file_ref idref="fl-23"/>
      </object_component>
      <object_component id="oc-320">
         <name>.text.I2CFIFODataPutNonBlocking</name>
         <load_address>0x1005088</load_address>
         <readonly>true</readonly>
         <executable>true</executable>
         <run_address>0x1005088</run_address>
         <size>0x34</size>
         <alignment>0x2</alignment>
         <input_file_ref idref="fl-2b"/>
      </object_component>
      <object_component id="oc-367">
         <name>.text.PinDirModeGet</name>
         <load_address>0x10050bc</load_address>
         <readonly>true</readonly>
         <executable>true</executable>
         <run_address>0x10050bc</run_address>
         <size>0x34</size>
         <alignment>0x2</alignment>
         <input_file_ref idref="fl-2d"/>
      </object_component>
      <object_component id="oc-123">
         <name>.text.PinModeGet</name>
         <load_address>0x10050f0</load_address>
         <readonly>true</readonly>
         <executable>true</executable>
         <run_address>0x10050f0</run_address>
         <size>0x34</size>
         <alignment>0x2</alignment>
         <input_file_ref idref="fl-2d"/>
      </object_component>
      <object_component id="oc-2f1">
         <name>.text.PowerCC32XX_parkPin</name>
         <load_address>0x1005124</load_address>
         <readonly>true</readonly>
         <executable>true</executable>
         <run_address>0x1005124</run_address>
         <size>0x34</size>
         <alignment>0x2</alignment>
         <input_file_ref idref="fl-18"/>
      </object_component>
      <object_component id="oc-2ae">
         <name>.text.TimerCC32XX_freeTimerResource</name>
         <load_address>0x1005158</load_address>
         <readonly>true</readonly>
         <executable>true</executable>
         <run_address>0x1005158</run_address>
         <size>0x34</size>
         <alignment>0x4</alignment>
         <input_file_ref idref="fl-1b"/>
      </object_component>
      <object_component id="oc-27c">
         <name>.text.UART2_rxDisable</name>
         <load_address>0x100518c</load_address>
         <readonly>true</readonly>
         <executable>true</executable>
         <run_address>0x100518c</run_address>
         <size>0x34</size>
         <alignment>0x2</alignment>
         <input_file_ref idref="fl-1c"/>
      </object_component>
      <object_component id="oc-50">
         <name>.text.initVectors</name>
         <load_address>0x10051c0</load_address>
         <readonly>true</readonly>
         <executable>true</executable>
         <run_address>0x10051c0</run_address>
         <size>0x34</size>
         <alignment>0x4</alignment>
         <input_file_ref idref="fl-26"/>
      </object_component>
      <object_component id="oc-230">
         <name>.text.ClockP_getTicksUntilInterrupt</name>
         <load_address>0x10051f4</load_address>
         <readonly>true</readonly>
         <executable>true</executable>
         <run_address>0x10051f4</run_address>
         <size>0x30</size>
         <alignment>0x4</alignment>
         <input_file_ref idref="fl-23"/>
      </object_component>
      <object_component id="oc-29e">
         <name>.text.I2CFIFODataGetNonBlocking</name>
         <load_address>0x1005224</load_address>
         <readonly>true</readonly>
         <executable>true</executable>
         <run_address>0x1005224</run_address>
         <size>0x30</size>
         <alignment>0x2</alignment>
[...]
      </symbol>
      <symbol id="sm-527">
         <name>PinToPadGet</name>
         <value>0x1005b81</value>
         <object_component_ref idref="oc-284"/>
      </symbol>
      <symbol id="sm-528">
         <name>PinTypeI2C</name>
         <value>0x10058dd</value>
         <object_component_ref idref="oc-1fa"/>
      </symbol>
      <symbol id="sm-529">
         <name>PinTypeUART</name>
         <value>0x100599d</value>
         <object_component_ref idref="oc-257"/>
      </symbol>
      <symbol id="sm-52a">
         <name>PinUnlock</name>
         <value>0x1005857</value>
         <object_component_ref idref="oc-2f9"/>
      </symbol>
      <symbol id="sm-5dc">
         <name>PRCMCC3200MCUInit</name>
         <value>0x10010ad</value>
         <object_component_ref idref="oc-d3"/>
      </symbol>
      <symbol id="sm-5dd">
         <name>PRCMHIBRegRead</name>
         <value>0x1005b33</value>
         <object_component_ref idref="oc-11f"/>
      </symbol>
      <symbol id="sm-5de">
         <name>PRCMHIBRegWrite</name>
         <value>0x1005b4d</value>
         <object_component_ref idref="oc-11e"/>
      </symbol>
      <symbol id="sm-5df">
         <name>PRCMHibernateWakeUpGPIOSelect</name>
         <value>0x1003ab1</value>
         <object_component_ref idref="oc-1a8"/>
      </symbol>
      <symbol id="sm-5e0">
         <name>PRCMHibernateWakeupSourceDisable</name>
         <value>0x1004141</value>
         <object_component_ref idref="oc-1aa"/>
      </symbol>
      <symbol id="sm-5e1">
         <name>PRCMHibernateWakeupSourceEnable</name>
         <value>0x1004455</value>
         <object_component_ref idref="oc-1a9"/>
      </symbol>
      <symbol id="sm-5e2">
         <name>PRCMIntEnable</name>
         <value>0x1004751</value>
         <object_component_ref idref="oc-2f8"/>
      </symbol>
      <symbol id="sm-5e3">
         <name>PRCMLPDSEnter</name>
         <value>0x1004305</value>
         <object_component_ref idref="oc-2fe"/>
      </symbol>
      <symbol id="sm-5e4">
         <name>PRCMLPDSEnterKeepDebugIf</name>
         <value>0x10048b7</value>
         <object_component_ref idref="oc-2fd"/>
      </symbol>
      <symbol id="sm-5e5">
         <name>PRCMLPDSIntervalSet</name>
         <value>0x1005255</value>
         <object_component_ref idref="oc-23d"/>
      </symbol>
      <symbol id="sm-5e6">
         <name>PRCMLPDSRestoreInfoSet</name>
         <value>0x1004591</value>
         <object_component_ref idref="oc-369"/>
      </symbol>
      <symbol id="sm-5e7">
         <name>PRCMLPDSWakeUpGPIOSelect</name>
         <value>0x100550b</value>
         <object_component_ref idref="oc-1a7"/>
      </symbol>
      <symbol id="sm-5e8">
         <name>PRCMLPDSWakeupCauseGet</name>
         <value>0x10060f5</value>
         <object_component_ref idref="oc-2fb"/>
      </symbol>
      <symbol id="sm-5e9">
         <name>PRCMLPDSWakeupSourceDisable</name>
         <value>0x1005b67</value>
         <object_component_ref idref="oc-1a6"/>
      </symbol>
      <symbol id="sm-5ea">
         <name>PRCMLPDSWakeupSourceEnable</name>
         <value>0x100575d</value>
         <object_component_ref idref="oc-1a5"/>
      </symbol>
      <symbol id="sm-5eb">
         <name>PRCMPeripheralClkDisable</name>
         <value>0x1005535</value>
         <object_component_ref idref="oc-122"/>
      </symbol>
      <symbol id="sm-5ec">
         <name>PRCMPeripheralClkEnable</name>
         <value>0x10041f9</value>
         <object_component_ref idref="oc-120"/>
      </symbol>
      <symbol id="sm-5ed">
         <name>PRCMPeripheralReset</name>
         <value>0x1003e25</value>
         <object_component_ref idref="oc-121"/>
      </symbol>
      <symbol id="sm-5ee">
         <name>PRCMPeripheralStatusGet</name>
         <value>0x1004799</value>
         <object_component_ref idref="oc-24d"/>
      </symbol>
      <symbol id="sm-5ef">
         <name>PRCMSRAMRetentionEnable</name>
         <value>0x1005651</value>
         <object_component_ref idref="oc-2f0"/>
      </symbol>
      <symbol id="sm-5f0">
         <name>PRCMSleepEnter</name>
         <value>0x10061d9</value>
         <object_component_ref idref="oc-243"/>
      </symbol>
      <symbol id="sm-5f1">
         <name>PRCMSlowClkCtrFastGet</name>
         <value>0x1005285</value>
         <object_component_ref idref="oc-2e7"/>
      </symbol>
      <symbol id="sm-5f2">
         <name>PRCMSysResetCauseGet</name>
         <value>0x10037a9</value>
         <object_component_ref idref="oc-119"/>
      </symbol>
      <symbol id="sm-610">
         <name>SysTickEnable</name>
         <value>0x1005ecf</value>
         <object_component_ref idref="oc-241"/>
      </symbol>
      <symbol id="sm-611">
         <name>SysTickIntDisable</name>
         <value>0x1005ee1</value>
         <object_component_ref idref="oc-238"/>
      </symbol>
      <symbol id="sm-612">
         <name>SysTickIntEnable</name>
         <value>0x1005ef3</value>
         <object_component_ref idref="oc-242"/>
      </symbol>
      <symbol id="sm-613">
         <name>SysTickPeriodSet</name>
         <value>0x1005c9f</value>
         <object_component_ref idref="oc-240"/>
      </symbol>
      <symbol id="sm-652">
         <name>TimerControlStall</name>
         <value>0x1004ba7</value>
         <object_component_ref idref="oc-2b6"/>
      </symbol>
      <symbol id="sm-653">
         <name>TimerDisable</name>
         <value>0x100597d</value>
         <object_component_ref idref="oc-2af"/>
      </symbol>
      <symbol id="sm-654">
         <name>TimerEnable</name>
         <value>0x1005b9b</value>
         <object_component_ref idref="oc-2bc"/>
      </symbol>
      <symbol id="sm-655">
         <name>TimerIntClear</name>
         <value>0x1005fb9</value>
         <object_component_ref idref="oc-2b9"/>
      </symbol>
      <symbol id="sm-656">
         <name>TimerIntDisable</name>
         <value>0x1005cb5</value>
         <object_component_ref idref="oc-378"/>
      </symbol>
      <symbol id="sm-657">
         <name>TimerIntEnable</name>
         <value>0x1005dc5</value>
         <object_component_ref idref="oc-2ba"/>
      </symbol>
      <symbol id="sm-658">
         <name>TimerLoadSet</name>
         <value>0x10052b5</value>
         <object_component_ref idref="oc-2b5"/>
      </symbol>
      <symbol id="sm-659">
         <name>TimerPrescaleSet</name>
         <value>0x10052e5</value>
         <object_component_ref idref="oc-2b4"/>
      </symbol>
      <symbol id="sm-6c3">
         <name>UARTBusy</name>
         <value>0x1005fe9</value>
         <object_component_ref idref="oc-35d"/>
      </symbol>
      <symbol id="sm-6c4">
         <name>UARTCharPutNonBlocking</name>
         <value>0x100501d</value>
         <object_component_ref idref="oc-35c"/>
      </symbol>
      <symbol id="sm-6c5">
         <name>UARTCharsAvail</name>
         <value>0x1005ccb</value>
         <object_component_ref idref="oc-28c"/>
      </symbol>
      <symbol id="sm-6c6">
         <name>UARTConfigSetExpClk</name>
         <value>0x1003b25</value>
         <object_component_ref idref="oc-264"/>
      </symbol>
      <symbol id="sm-6c7">
         <name>UARTDMADisable</name>
         <value>0x1005ce1</value>
         <object_component_ref idref="oc-27b"/>
      </symbol>
      <symbol id="sm-6c8">
         <name>UARTDMAEnable</name>
         <value>0x1005dd9</value>
         <object_component_ref idref="oc-31c"/>
      </symbol>
      <symbol id="sm-6c9">
         <name>UARTDisable</name>
         <value>0x10053ff</value>
         <object_component_ref idref="oc-27d"/>
      </symbol>
      <symbol id="sm-6ca">
         <name>UARTEnable</name>
         <value>0x10059d9</value>
         <object_component_ref idref="oc-26a"/>
      </symbol>
      <symbol id="sm-6cb">
         <name>UARTFIFOLevelSet</name>
         <value>0x1005cf7</value>
         <object_component_ref idref="oc-26c"/>
      </symbol>
      <symbol id="sm-6cc">
         <name>UARTFlowControlSet</name>
         <value>0x1005bb5</value>
         <object_component_ref idref="oc-26d"/>
      </symbol>
      <symbol id="sm-6cd">
         <name>UARTIntClear</name>
         <value>0x1005ff9</value>
         <object_component_ref idref="oc-269"/>
      </symbol>
      <symbol id="sm-6ce">
         <name>UARTIntDisable</name>
         <value>0x1005d0d</value>
         <object_component_ref idref="oc-27a"/>
      </symbol>
      <symbol id="sm-6cf">
         <name>UARTIntEnable</name>
         <value>0x1005ded</value>
         <object_component_ref idref="oc-26b"/>
      </symbol>
      <symbol id="sm-6d0">
         <name>UARTIntStatus</name>
         <value>0x100555f</value>
         <object_component_ref idref="oc-287"/>
      </symbol>
      <symbol id="sm-6d1">
         <name>UARTRxErrorGet</name>
         <value>0x1006009</value>
         <object_component_ref idref="oc-289"/>
      </symbol>
      <symbol id="sm-72a">
         <name>uDMAChannelAssign</name>
         <value>0x10044f5</value>
         <object_component_ref idref="oc-26e"/>
      </symbol>
      <symbol id="sm-72b">
         <name>uDMAChannelAttributeDisable</name>
         <value>0x1003687</value>
         <object_component_ref idref="oc-26f"/>
      </symbol>
      <symbol id="sm-72c">
         <name>uDMAChannelControlSet</name>
         <value>0x1004d2d</value>
         <object_component_ref idref="oc-319"/>
      </symbol>
      <symbol id="sm-72d">
         <name>uDMAChannelDisable</name>
         <value>0x1005a15</value>
         <object_component_ref idref="oc-315"/>
      </symbol>
      <symbol id="sm-72e">
         <name>uDMAChannelEnable</name>
         <value>0x1005a33</value>
         <object_component_ref idref="oc-31b"/>
      </symbol>
      <symbol id="sm-72f">
         <name>uDMAChannelIsEnabled</name>
         <value>0x1005a51</value>
         <object_component_ref idref="oc-28a"/>
      </symbol>
      <symbol id="sm-730">
         <name>uDMAChannelSizeGet</name>
         <value>0x10046bd</value>
         <object_component_ref idref="oc-316"/>
      </symbol>
      <symbol id="sm-731">
         <name>uDMAChannelTransferSet</name>
         <value>0x100271f</value>
         <object_component_ref idref="oc-31a"/>
      </symbol>
      <symbol id="sm-732">
         <name>uDMAControlBaseSet</name>
         <value>0x1005e29</value>
         <object_component_ref idref="oc-261"/>
      </symbol>
      <symbol id="sm-733">
         <name>uDMAEnable</name>
         <value>0x1006081</value>
         <object_component_ref idref="oc-25c"/>
      </symbol>
      <symbol id="sm-734">
         <name>uDMAErrorStatusClear</name>
         <value>0x100608f</value>
         <object_component_ref idref="oc-38c"/>
      </symbol>
      <symbol id="sm-735">
         <name>uDMAErrorStatusGet</name>
         <value>0x1006155</value>
         <object_component_ref idref="oc-38b"/>
      </symbol>
      <symbol id="sm-736">
         <name>uDMAIntClear</name>
         <value>0x1005e3d</value>
         <object_component_ref idref="oc-317"/>
      </symbol>
      <symbol id="sm-741">
         <name>UtilsDelay</name>
         <value>0x10061e1</value>
         <object_component_ref idref="oc-11a"/>
      </symbol>
      <symbol id="sm-76e">
         <name>FlashDisable</name>
         <value>0x1004089</value>
         <object_component_ref idref="oc-36b"/>
      </symbol>
      <symbol id="sm-77f">
         <name>snprintf</name>
         <value>0x1004b21</value>
         <object_component_ref idref="oc-f9"/>
      </symbol>
      <symbol id="sm-79f">
         <name>malloc</name>
         <value>0x10061f9</value>
         <object_component_ref idref="oc-247"/>
      </symbol>
      <symbol id="sm-7a0">
         <name>aligned_alloc</name>
         <value>0x10024e5</value>
         <object_component_ref idref="oc-301"/>
      </symbol>
      <symbol id="sm-7a1">
         <name>free</name>
         <value>0x100292d</value>
         <object_component_ref idref="oc-1b7"/>
      </symbol>
      <symbol id="sm-7a2">
         <name>_sys_memory</name>
         <value>0x20000310</value>
         <object_component_ref idref="oc-32"/>
      </symbol>
      <symbol id="sm-7a3">
         <name>memalign</name>
         <value>0x10024e5</value>
         <object_component_ref idref="oc-301"/>
      </symbol>
      <symbol id="sm-7ae">
         <name>_c_int00_noargs</name>
         <value>0x1005811</value>
         <object_component_ref idref="oc-77"/>
      </symbol>
      <symbol id="sm-7af">
         <name>__stack</name>
         <value>0x2003f000</value>
         <object_component_ref idref="oc-17"/>
      </symbol>
      <symbol id="sm-7bb">
         <name>__TI_auto_init_nobinit_nopinit</name>
         <value>0x1004f79</value>
         <object_component_ref idref="oc-c0"/>
      </symbol>
      <symbol id="sm-7c3">
         <name>_system_pre_init</name>
         <value>0x1006241</value>
         <object_component_ref idref="oc-8c"/>
      </symbol>
      <symbol id="sm-7ce">
         <name>__TI_zero_init</name>
         <value>0x1006039</value>
         <object_component_ref idref="oc-4a"/>
      </symbol>
      <symbol id="sm-7d7">
         <name>__TI_decompress_none</name>
         <value>0x10060ab</value>
         <object_component_ref idref="oc-1d"/>
      </symbol>
      <symbol id="sm-7e1">
         <name>__TI_decompress_lzss</name>
         <value>0x1003b99</value>
         <object_component_ref idref="oc-19"/>
      </symbol>
      <symbol id="sm-801">
         <name>__TI_printfi_nofloat</name>
         <value>0x1000841</value>
         <object_component_ref idref="oc-223"/>
      </symbol>
      <symbol id="sm-80e">
         <name>__aeabi_errno_addr</name>
         <value>0x10061e9</value>
         <object_component_ref idref="oc-2ce"/>
      </symbol>
      <symbol id="sm-80f">
         <name>__aeabi_errno</name>
         <value>0x200094a4</value>
         <object_component_ref idref="oc-334"/>
      </symbol>
      <symbol id="sm-819">
         <name>abort</name>
         <value>0x1006245</value>
         <object_component_ref idref="oc-b9"/>
      </symbol>
      <symbol id="sm-81a">
         <name>C$$EXIT</name>
         <value>0x1006244</value>
         <object_component_ref idref="oc-b9"/>
      </symbol>
      <symbol id="sm-823">
         <name>_nop</name>
         <value>0x1004253</value>
         <object_component_ref idref="oc-196"/>
      </symbol>
      <symbol id="sm-824">
         <name>_lock</name>
         <value>0x200094a8</value>
         <object_component_ref idref="oc-10f"/>
      </symbol>
      <symbol id="sm-825">
         <name>_unlock</name>
         <value>0x200094ac</value>
         <object_component_ref idref="oc-112"/>
      </symbol>
      <symbol id="sm-832">
         <name>atoi</name>
         <value>0x1004ced</value>
         <object_component_ref idref="oc-2c6"/>
      </symbol>
      <symbol id="sm-83c">
         <name>memccpy</name>
         <value>0x10059f7</value>
         <object_component_ref idref="oc-2bf"/>
      </symbol>
      <symbol id="sm-845">
         <name>wcslen</name>
         <value>0x1006029</value>
         <object_component_ref idref="oc-2ca"/>
      </symbol>
      <symbol id="sm-84b">
         <name>__aeabi_ctype_table_</name>
         <value>0x1006250</value>
         <object_component_ref idref="oc-32d"/>
      </symbol>
      <symbol id="sm-84c">
         <name>__aeabi_ctype_table_C</name>
         <value>0x1006250</value>
         <object_component_ref idref="oc-32d"/>
      </symbol>
      <symbol id="sm-864">
         <name>__aeabi_dmul</name>
         <value>0x1002831</value>
         <object_component_ref idref="oc-184"/>
      </symbol>
      <symbol id="sm-865">
         <name>__muldf3</name>
         <value>0x1002831</value>
         <object_component_ref idref="oc-184"/>
      </symbol>
      <symbol id="sm-86b">
         <name>__aeabi_d2iz</name>
         <value>0x1004829</value>
         <object_component_ref idref="oc-188"/>
      </symbol>
      <symbol id="sm-86c">
         <name>__fixdfsi</name>
         <value>0x1004829</value>
         <object_component_ref idref="oc-188"/>
      </symbol>
      <symbol id="sm-872">
         <name>__aeabi_i2d</name>
         <value>0x100542d</value>
         <object_component_ref idref="oc-180"/>
      </symbol>
      <symbol id="sm-873">
         <name>__floatsidf</name>
         <value>0x100542d</value>
         <object_component_ref idref="oc-180"/>
      </symbol>
      <symbol id="sm-879">
         <name>__aeabi_memcpy</name>
         <value>0x100623d</value>
         <object_component_ref idref="oc-3d"/>
      </symbol>
      <symbol id="sm-87a">
         <name>__aeabi_memcpy4</name>
         <value>0x100623d</value>
         <object_component_ref idref="oc-3d"/>
      </symbol>
      <symbol id="sm-87b">
         <name>__aeabi_memcpy8</name>
         <value>0x100623d</value>
         <object_component_ref idref="oc-3d"/>
      </symbol>
      <symbol id="sm-884">
         <name>__aeabi_memset</name>
         <value>0x100619d</value>
         <object_component_ref idref="oc-2be"/>
      </symbol>
      <symbol id="sm-885">
         <name>__aeabi_memset4</name>
         <value>0x100619d</value>
         <object_component_ref idref="oc-2be"/>
      </symbol>
      <symbol id="sm-886">
         <name>__aeabi_memset8</name>
         <value>0x100619d</value>
         <object_component_ref idref="oc-2be"/>
      </symbol>
      <symbol id="sm-887">
         <name>__aeabi_memclr</name>
         <value>0x10061f1</value>
         <object_component_ref idref="oc-68"/>
      </symbol>
      <symbol id="sm-888">
         <name>__aeabi_memclr4</name>
         <value>0x10061f1</value>
         <object_component_ref idref="oc-68"/>
      </symbol>
      <symbol id="sm-889">
         <name>__aeabi_memclr8</name>
         <value>0x10061f1</value>
         <object_component_ref idref="oc-68"/>
      </symbol>
      <symbol id="sm-88f">
         <name>__aeabi_uldivmod</name>
         <value>0x1005e01</value>
         <object_component_ref idref="oc-234"/>
      </symbol>
      <symbol id="sm-895">
         <name>__udivmoddi4</name>
         <value>0x1003181</value>
         <object_component_ref idref="oc-2e8"/>
      </symbol>
      <symbol id="sm-8a0">
         <name>__aeabi_ldiv0</name>
         <value>0x1003fc7</value>
         <object_component_ref idref="oc-35f"/>
      </symbol>
      <symbol id="sm-8a9">
         <name>TI_memcpy_small</name>
         <value>0x1005f17</value>
         <object_component_ref idref="oc-82"/>
      </symbol>
      <symbol id="sm-8b1">
         <name>TI_memset_small</name>
         <value>0x100609d</value>
         <object_component_ref idref="oc-9f"/>
      </symbol>
      <symbol id="sm-8b2">
         <name>__TI_static_base__</name>
         <value>0x1006894</value>
      </symbol>
      <symbol id="sm-8b5">
         <name>ITM_flush</name>
         <value>0x0</value>
      </symbol>
      <symbol id="sm-8b6">
         <name>ITM_restore</name>
         <value>0x0</value>
      </symbol>
      <symbol id="sm-8b7">
         <name>__mpu_init</name>
         <value>0x0</value>
      </symbol>
      <symbol id="sm-8b8">
         <name>_system_post_cinit</name>
         <value>0x0</value>
      </symbol>
   </symbol_table>
   <title>Link successful</title>
</link_info>
